Line  Label      Opcodes              Operands           Next Addr       Hex Output      Timing    
1     $00        RK, TP, CIE          , ,                $01             0158401413      ['3'], ['3'], ['4', 'alt']
2     $01        AC, JC               14A, FFF           $02             02FFFFD14A      ['4', 'ma'], ['4', 'ma', 'alt']
3     $02        LA, NN, RK, SK       7, , ,             $03             0310130A1F      ['3', 'sa'], ['1'], ['3'], ['3']
4     $03        NN, NN, NN, NN       , , ,              $04             040A0A0A0A      ['1'], ['1'], ['1'], ['1']
5     $04        AC, JC               14A, FFF           $05             05FFFFD14A      ['4', 'ma'], ['4', 'ma', 'alt']
6     $05        AC, RK, TP           14A, ,             $06             061413D14A      ['4', 'ma'], ['3'], ['3']
7     $06        RK, TP, AC           , , 14A            $07             07D14A1413      ['3'], ['3'], ['4', 'ma']
8     $07        RK, AC               , 14A              $08             0800D14A13      ['3'], ['4', 'ma']
9     $08        AC, RK               14A,               $09             090013D14A      ['4', 'ma'], ['3']
10    $09        RK                                      $0A             0A00000013      ['3']     
11    $A         AC                   14A                $0B             0B0000D14A      ['4', 'ma']
12    $b         RK, TP, CIE          , ,                $0C             0C58401413      ['3'], ['3'], ['4', 'alt']
13    $0C        AC, JC, JM           14A, FFF, FFF      $0D             0DCFFFFFFF      ['4', 'ma'], ['4', 'ma', 'alt'], ['4', 'ma']
14    $0D        RK, TP, CIE, SK      7, 7, 7, 7         $0E             0E10584014      ['3'], ['3'], ['4', 'alt'], ['3']
15    $E         AC, JC, JM, LI       14A, FFF, FFF, FFF $0F             0F8FFFCFFF      ['4', 'ma'], ['4', 'ma', 'alt'], ['4', 'ma'], ['4', 'ma']
16    $F         RK, TP, CIE          7, 7, 7            $10             1058401413      ['3'], ['3'], ['4', 'alt']
17    $10        AC, JC, JM           14A, FFF, FFF      $11             11CFFFFFFF      ['4', 'ma'], ['4', 'ma', 'alt'], ['4', 'ma']
18    $11        RK                   7                  $12             1200000013      ['3']     
19    $12        AC                   14A                $13             130000D14A      ['4', 'ma']
20    $13        RK, TP               7, 7               $14             1400001413      ['3'], ['3']
21    $14        AC, JC               14A, FFF           $15             15FFFFD14A      ['4', 'ma'], ['4', 'ma', 'alt']
22    $15        AC, RK, TP           14A, ,             $16             161413D14A      ['4', 'ma'], ['3'], ['3']
23    $16        RK, TP, AC           , , 14A            $17             17D14A1413      ['3'], ['3'], ['4', 'ma']
24    $17        RK, AC               , 14A              $18             1800D14A13      ['3'], ['4', 'ma']
25    $18        AC, RK               14A,               $19             190013D14A      ['4', 'ma'], ['3']
26    $19        INVALID                                 $1A             1A00000000                
27    $1A        RK                   INVALID            $1B             1B00000013      ['3']     
28    $1B        RK, TP, CIE, SK, RK  , , , ,            $1C             1C13105840      ['3'], ['3'], ['4', 'alt'], ['3'], ['3']
30                                                                                                 
31                                                                                                 
32    $1F        RK, TP, CIE          , ,                $1D             1D58401413      ['3'], ['3'], ['4', 'alt']
33    $20        INVALID, RK, TP, CIE , , ,              $1E             1E58401413      , ['3'], ['3'], ['4', 'alt']
34    $21        INVALID, RK, TP, CIE , , ,              $1F             1F58401413      , ['3'], ['3'], ['4', 'alt']
35    $22        RK, TP, CIE          , ,                $20             2058401413      ['3'], ['3'], ['4', 'alt']
36    $23        RK, TP, CIE, INVALID , , ,              $21             2100005840      ['3'], ['3'], ['4', 'alt'], 
37    $24        INVALID, RK, TP, CIE , , ,              $22             2258401413      , ['3'], ['3'], ['4', 'alt']
38    $25        INVALID, RK, TP, CIE , , ,              $23             2358401413      , ['3'], ['3'], ['4', 'alt']
39    $26        INVALID, RK, TP, CIE , , ,              $24             2458401413      , ['3'], ['3'], ['4', 'alt']
